# Test add one node file
# Tests that a graph can be created
# a node can be added to the graph

# Create a graph
created graph graph1

# Add a node
added node n1 to graph1

# Print the nodes in the graph
graph1 contains: n1