# Test add two nodes file
# Tests that a graph can be created
# two nodes can be added to the graph

# Create a graph
created graph graph1

# Add two nodes
added node n1 to graph1
added node n2 to graph1

# Print the nodes in the graph
graph1 contains: n1 n2