# Test contain order in three nodes file
# Tests that a graph can be created
# three nodes can be added to the graph
# contain order is correct

# Create a graph
created graph graph1

# Add three nodes
added node n3 to graph1
added node n2 to graph1
added node n1 to graph1

# Print the nodes in the graph
graph1 contains: n1 n2 n3