# Test empty child file
# Tests that a graph can be created
# a node can be added to the graph
# ListChildren behaves correctly

# Create a graph
created graph graph1

# Add two nodes
added node n1 to graph1

# Print the nodes in the graph and the outgoing edges from n1
graph1 contains: n1
the children of n1 in graph1 are: