# test find path in an empty graph

created graph g

unknown: A
unknown: B