# test two nodes with only one path

created graph graph1

added node n1 to graph1
added node n2 to graph1

added edge 1.111 from n1 to n2 in graph1

path from n1 to n2:
n1 to n2 with weight 1.111
total cost: 1.111