# test rounded result

created graph graph1

added node n1 to graph1
added node n2 to graph1
added node n3 to graph1

added edge 1.111 from n1 to n2 in graph1
added edge 1.120 from n2 to n3 in graph1

path from n1 to n3:
n1 to n2 with weight 1.111
n2 to n3 with weight 1.120
total cost: 2.231