# Find a path where child node doesn't exist

loaded graph noChild

unknown: n2