# Find a path where parent node doesn't exist

loaded graph noParent

unknown: n2