# Find a path with where there are 2 paths with equal distance
# between start node and end node

loaded graph twoPaths

path from n1 to n3:
n1 to n2 via a1
n2 to n3 via a2